gcc -g p7final.c
îº§ gdb a.out
GNU gdb (Ubuntu 8.1.1-0ubuntu1) 8.1.1
Copyright (C) 2018 Free Software Foundation, Inc.
License GPLv3+: GNU GPL version 3 or later <http://gnu.org/licenses/gpl.html>
This is free software: you are free to change and redistribute it.
There is NO WARRANTY, to the extent permitted by law.  Type "show copying"
and "show warranty" for details.
This GDB was configured as "x86_64-linux-gnu".
Type "show configuration" for configuration details.
For bug reporting instructions, please see:
<http://www.gnu.org/software/gdb/bugs/>.
Find the GDB manual and other documentation resources online at:
<http://www.gnu.org/software/gdb/documentation/>.
For help, type "help".
Type "apropos word" to search for commands related to "word"...
Reading symbols from a.out...done.
(gdb) b main
Breakpoint 1 at 0x86b: file p7final.c, line 23.
(gdb) r
Starting program: /home/runner/IA2-Test1-Session2/a.out 
warning: Error disabling address space randomization: Operation not permitted

Breakpoint 1, main () at p7final.c:23
23  {
(gdb) n
25    t= input_triangle();
(gdb) n
enter the base,altitude
6 7
26    find_area(&t);
(gdb) n
27    output(t);
(gdb) n
the area of the triangle with base:6.000000 and altitude:7.000000 is 21.000000
28    return 0;
(gdb) q
A debugging session is active.

    Inferior 1 [process 254] will be killed.

Quit anyway? (y or n) y